// Jest Snapshot v1, https://goo.gl/fbAQLP

exports[`testing the contactForm snapshot test 1`] = `
<DocumentFragment>
  <section>
    <h1>
      Contact me
    </h1>
    <form
      id="contact-form"
    >
      <div>
        <label
          for="name"
        >
          Name:
        </label>
        <input
          name="name"
          type="text"
        />
      </div>
      <div>
        <label
          for="email"
        >
          Email address:
        </label>
        <input
          name="email"
          type="email"
        />
      </div>
      <div>
        <label
          for="message"
        >
          Message:
        </label>
        <textarea
          name="message"
          rows="5"
        />
      </div>
      <button
        type="submit"
      >
        Submit
      </button>
    </form>
  </section>
</DocumentFragment>
`;
